components:
  schemas:
    test5.Msg:
      description: This is a top-level message.
      oneOf:
      - not:
          anyOf:
          - required:
            - oa
          - required:
            - ob
          - required:
            - oc
      - required:
        - oa
      - required:
        - ob
      - required:
        - oc
      properties:
        list:
          items:
            type: string
          type: array
          x-kubernetes-validations:
          - message: must contain 'a string'
            rule: self.all(x, x.contains('a string'))
        msgNested:
          properties:
            a:
              format: int32
              type: integer
            b:
              type: string
          type: object
          x-kubernetes-validations:
          - message: must be a postive value
            rule: self.a > 0
          - messageExpression: '''b got invalid value: '' + self.x'
            rule: self.b != 'default'
        nonNested:
          type: string
        oa:
          type: string
        ob:
          x-kubernetes-preserve-unknown-fields: true
        oc:
          type: object
          x-kubernetes-preserve-unknown-fields: true
        recursiveObj:
          description: Recursive object.
          items:
            type: object
            x-kubernetes-preserve-unknown-fields: true
          type: array
          x-kubernetes-validations:
          - rule: self.x = 1
        recursiveVal:
          description: Recursive value.
          items:
            x-kubernetes-preserve-unknown-fields: true
          type: array
          x-kubernetes-validations:
          - rule: self.x = 1
      type: object
      x-kubernetes-validations:
      - message: must be a postive value
        rule: self.msgNested.a > 0
      - message: cannot be empty
        rule: self.nonNested != ''
      - messageExpression: '''b got invalid value: '' + self.msgNested.x'
        rule: self.msgNested.b != 'default'
info:
  title: OpenAPI Spec for Solo APIs.
  version: ""
openapi: 3.0.1
paths: null
