{
  "openapi": "3.0.1",
  "components": {
    "schemas": {
      "testpkg2.AEnum": {
        "enum": [
          "ONE",
          "TWO",
          "THREE"
        ],
        "type": "string"
      },
      "testpkg2.MessageOneOf": {
        "properties": {
          "name": {
            "type": "string"
          },
          "number": {
            "description": "Valid port number",
            "format": "int32",
            "type": "integer"
          }
        },
        "type": "object"
      },
      "testpkg2.Test3": {
        "description": "Test3 is a message that I use for testing.",
        "properties": {
          "aEnum": {
            "enum": [
              "ONE",
              "TWO",
              "THREE"
            ],
            "type": "string"
          },
          "deprecate": {
            "type": "string"
          },
          "field1": {
            "description": "field1 is a field",
            "format": "int32",
            "type": "integer"
          },
          "field17": {
            "format": "int64",
            "type": "integer",
            "x-kubernetes-int-or-string": true
          },
          "field18": {
            "format": "int64",
            "type": "integer",
            "x-kubernetes-int-or-string": true
          },
          "field3": {
            "type": "number"
          },
          "field4": {
            "type": "number"
          },
          "field5": {
            "format": "int32",
            "type": "integer"
          },
          "field6": {
            "format": "int32",
            "type": "integer"
          },
          "field7": {
            "format": "int32",
            "type": "integer"
          },
          "field8": {
            "format": "int32",
            "type": "integer"
          },
          "mapField": {
            "additionalProperties": {
              "properties": {
                "field1": {
                  "type": "string"
                },
                "field2": {
                  "format": "int32",
                  "type": "integer"
                }
              },
              "type": "object"
            },
            "description": "first line of comment.",
            "type": "object"
          },
          "messageOneOfField": {
            "description": "messageoneof comment",
            "properties": {
              "name": {
                "type": "string"
              },
              "number": {
                "description": "Valid port number",
                "format": "int32",
                "type": "integer"
              }
            },
            "type": "object"
          },
          "oneoffield1": {
            "type": "string"
          },
          "oneoffield2": {
            "type": "string"
          },
          "str": {
            "description": "an array of strings",
            "items": {
              "type": "string"
            },
            "type": "array"
          },
          "test3Nested": {
            "properties": {
              "nested1": {
                "type": "string"
              },
              "nested2": {
                "type": "number"
              }
            },
            "type": "object"
          }
        },
        "type": "object"
      },
      "testpkg2.Test3_Value": {
        "properties": {
          "field1": {
            "type": "string"
          },
          "field2": {
            "format": "int32",
            "type": "integer"
          }
        },
        "type": "object"
      }
    }
  },
  "info": {
    "title": "OpenAPI Spec for Solo APIs.",
    "version": "testpkg2"
  },
  "paths": null
}